# This is a header

# with multiple lines
project_name: str = "git-project-with-config"
project_description: str = (
"Some long description. Some long description. Some long description. Some lon"
"g description. Some long description. Some long description."
)
git_commit_id: str = "5af17d37e2a27e6af830cc409eaffc9c7af061fa"
clean_me: bool = True
git_has_staged_changes: bool = False
git_has_unstaged_changes: bool = True
# This is a footer

# with multiple lines
